
----------------------------------------
Testing Static Image: https://www.mwattest.fr/ORAGE/images/foudre.jpg
Status Code: 404
Content-Type: text/html; charset=iso-8859-1
[ERROR] Request failed.

----------------------------------------
Testing API User Date (2026): https://www.mwattest.fr/ORAGE/orage/ws/wsOragesGMaps.php?date=20260128&heureD=00&heureF=23&pass=jh2kH3,R
Status Code: 200
Content-Type: text/html; charset=UTF-8
[WARNING] Unexpected Content-Type. Preview:
[{"date":"2026\/01\/28","heure":"00:34:16","lon":"-2.83638","lat":"43.581432","DateTime":null},{"date":"2026\/01\/28","heure":"00:34:16","lon":"-2.840639","lat":"43.605502","DateTime":null},{"date":"2

----------------------------------------
Testing API Past Date (2024): https://www.mwattest.fr/ORAGE/orage/ws/wsOragesGMaps.php?date=20240715&heureD=00&heureF=23&pass=jh2kH3,R
Status Code: 200
Content-Type: text/html; charset=UTF-8
[WARNING] Unexpected Content-Type. Preview:
[{"date":"2024\/07\/15","heure":"03:01:14","lon":"-5.126831","lat":"45.483611","DateTime":null},{"date":"2024\/07\/15","heure":"04:26:11","lon":"-4.797936","lat":"46.818729","DateTime":null},{"date":"
